// Vitest Snapshot v1, https://vitest.dev/guide/snapshot.html

exports[`snapshot test 1`] = `
{
  "createdAt": Any<Date>,
  "id": Any<Number>,
  "name": "test",
}
`;
